11:42:20 **** Incremental Build of configuration Debug for project 4__SysTick_driver ****
make -j20 all 
arm-none-eabi-gcc "../Src/exti.c" -mcpu=cortex-m4 -std=gnu11 -g3 -DDEBUG -DSTM32 -DSTM32F4 -DSTM32F411RETx -DSTM32F411xE -c -I../Inc -I"C:/Learning/Embedded/Chip_Headers_Stm32f411/CMSIS/Include" -I"C:/Learning/Embedded/Chip_Headers_Stm32f411/CMSIS/Device/ST/STM32F4xx/Include" -O0 -ffunction-sections -fdata-sections -Wall -fstack-usage -fcyclomatic-complexity -MMD -MP -MF"Src/exti.d" -MT"Src/exti.o" --specs=nano.specs -mfpu=fpv4-sp-d16 -mfloat-abi=hard -mthumb -o "Src/exti.o"
arm-none-eabi-gcc "../Src/main.c" -mcpu=cortex-m4 -std=gnu11 -g3 -DDEBUG -DSTM32 -DSTM32F4 -DSTM32F411RETx -DSTM32F411xE -c -I../Inc -I"C:/Learning/Embedded/Chip_Headers_Stm32f411/CMSIS/Include" -I"C:/Learning/Embedded/Chip_Headers_Stm32f411/CMSIS/Device/ST/STM32F4xx/Include" -O0 -ffunction-sections -fdata-sections -Wall -fstack-usage -fcyclomatic-complexity -MMD -MP -MF"Src/main.d" -MT"Src/main.o" --specs=nano.specs -mfpu=fpv4-sp-d16 -mfloat-abi=hard -mthumb -o "Src/main.o"
arm-none-eabi-gcc "../Src/syscalls.c" -mcpu=cortex-m4 -std=gnu11 -g3 -DDEBUG -DSTM32 -DSTM32F4 -DSTM32F411RETx -DSTM32F411xE -c -I../Inc -I"C:/Learning/Embedded/Chip_Headers_Stm32f411/CMSIS/Include" -I"C:/Learning/Embedded/Chip_Headers_Stm32f411/CMSIS/Device/ST/STM32F4xx/Include" -O0 -ffunction-sections -fdata-sections -Wall -fstack-usage -fcyclomatic-complexity -MMD -MP -MF"Src/syscalls.d" -MT"Src/syscalls.o" --specs=nano.specs -mfpu=fpv4-sp-d16 -mfloat-abi=hard -mthumb -o "Src/syscalls.o"
arm-none-eabi-gcc "../Src/sysmem.c" -mcpu=cortex-m4 -std=gnu11 -g3 -DDEBUG -DSTM32 -DSTM32F4 -DSTM32F411RETx -DSTM32F411xE -c -I../Inc -I"C:/Learning/Embedded/Chip_Headers_Stm32f411/CMSIS/Include" -I"C:/Learning/Embedded/Chip_Headers_Stm32f411/CMSIS/Device/ST/STM32F4xx/Include" -O0 -ffunction-sections -fdata-sections -Wall -fstack-usage -fcyclomatic-complexity -MMD -MP -MF"Src/sysmem.d" -MT"Src/sysmem.o" --specs=nano.specs -mfpu=fpv4-sp-d16 -mfloat-abi=hard -mthumb -o "Src/sysmem.o"
arm-none-eabi-gcc "../Src/systick.c" -mcpu=cortex-m4 -std=gnu11 -g3 -DDEBUG -DSTM32 -DSTM32F4 -DSTM32F411RETx -DSTM32F411xE -c -I../Inc -I"C:/Learning/Embedded/Chip_Headers_Stm32f411/CMSIS/Include" -I"C:/Learning/Embedded/Chip_Headers_Stm32f411/CMSIS/Device/ST/STM32F4xx/Include" -O0 -ffunction-sections -fdata-sections -Wall -fstack-usage -fcyclomatic-complexity -MMD -MP -MF"Src/systick.d" -MT"Src/systick.o" --specs=nano.specs -mfpu=fpv4-sp-d16 -mfloat-abi=hard -mthumb -o "Src/systick.o"
arm-none-eabi-gcc "../Src/uart.c" -mcpu=cortex-m4 -std=gnu11 -g3 -DDEBUG -DSTM32 -DSTM32F4 -DSTM32F411RETx -DSTM32F411xE -c -I../Inc -I"C:/Learning/Embedded/Chip_Headers_Stm32f411/CMSIS/Include" -I"C:/Learning/Embedded/Chip_Headers_Stm32f411/CMSIS/Device/ST/STM32F4xx/Include" -O0 -ffunction-sections -fdata-sections -Wall -fstack-usage -fcyclomatic-complexity -MMD -MP -MF"Src/uart.d" -MT"Src/uart.o" --specs=nano.specs -mfpu=fpv4-sp-d16 -mfloat-abi=hard -mthumb -o "Src/uart.o"
arm-none-eabi-gcc -o "4__SysTick_driver.elf" @"objects.list"   -mcpu=cortex-m4 -T"C:\Learning\Embedded\STM32_Bare_Metal\workspace_stm32f411\4__SysTick_driver\STM32F411RETX_FLASH.ld" --specs=nosys.specs -Wl,-Map="4__SysTick_driver.map" -Wl,--gc-sections -static --specs=nano.specs -mfpu=fpv4-sp-d16 -mfloat-abi=hard -mthumb -Wl,--start-group -lc -lm -Wl,--end-group
Finished building target: 4__SysTick_driver.elf
 
arm-none-eabi-size  4__SysTick_driver.elf 
arm-none-eabi-objdump -h -S 4__SysTick_driver.elf  > "4__SysTick_driver.list"
   text	   data	    bss	    dec	    hex	filename
   5616	     92	   1908	   7616	   1dc0	4__SysTick_driver.elf
Finished building: default.size.stdout
 
Finished building: 4__SysTick_driver.list
 
11:42:23 **** Incremental Build of configuration Debug for project 4__SysTick_driver ****
make -j20 all 
arm-none-eabi-gcc "../Src/exti.c" -mcpu=cortex-m4 -std=gnu11 -g3 -DDEBUG -DSTM32 -DSTM32F4 -DSTM32F411RETx -DSTM32F411xE -c -I../Inc -I"C:/Learning/Embedded/Chip_Headers_Stm32f411/CMSIS/Include" -I"C:/Learning/Embedded/Chip_Headers_Stm32f411/CMSIS/Device/ST/STM32F4xx/Include" -O0 -ffunction-sections -fdata-sections -Wall -fstack-usage -fcyclomatic-complexity -MMD -MP -MF"Src/exti.d" -MT"Src/exti.o" --specs=nano.specs -mfpu=fpv4-sp-d16 -mfloat-abi=hard -mthumb -o "Src/exti.o"
arm-none-eabi-gcc "../Src/main.c" -mcpu=cortex-m4 -std=gnu11 -g3 -DDEBUG -DSTM32 -DSTM32F4 -DSTM32F411RETx -DSTM32F411xE -c -I../Inc -I"C:/Learning/Embedded/Chip_Headers_Stm32f411/CMSIS/Include" -I"C:/Learning/Embedded/Chip_Headers_Stm32f411/CMSIS/Device/ST/STM32F4xx/Include" -O0 -ffunction-sections -fdata-sections -Wall -fstack-usage -fcyclomatic-complexity -MMD -MP -MF"Src/main.d" -MT"Src/main.o" --specs=nano.specs -mfpu=fpv4-sp-d16 -mfloat-abi=hard -mthumb -o "Src/main.o"
arm-none-eabi-gcc "../Src/syscalls.c" -mcpu=cortex-m4 -std=gnu11 -g3 -DDEBUG -DSTM32 -DSTM32F4 -DSTM32F411RETx -DSTM32F411xE -c -I../Inc -I"C:/Learning/Embedded/Chip_Headers_Stm32f411/CMSIS/Include" -I"C:/Learning/Embedded/Chip_Headers_Stm32f411/CMSIS/Device/ST/STM32F4xx/Include" -O0 -ffunction-sections -fdata-sections -Wall -fstack-usage -fcyclomatic-complexity -MMD -MP -MF"Src/syscalls.d" -MT"Src/syscalls.o" --specs=nano.specs -mfpu=fpv4-sp-d16 -mfloat-abi=hard -mthumb -o "Src/syscalls.o"
arm-none-eabi-gcc "../Src/sysmem.c" -mcpu=cortex-m4 -std=gnu11 -g3 -DDEBUG -DSTM32 -DSTM32F4 -DSTM32F411RETx -DSTM32F411xE -c -I../Inc -I"C:/Learning/Embedded/Chip_Headers_Stm32f411/CMSIS/Include" -I"C:/Learning/Embedded/Chip_Headers_Stm32f411/CMSIS/Device/ST/STM32F4xx/Include" -O0 -ffunction-sections -fdata-sections -Wall -fstack-usage -fcyclomatic-complexity -MMD -MP -MF"Src/sysmem.d" -MT"Src/sysmem.o" --specs=nano.specs -mfpu=fpv4-sp-d16 -mfloat-abi=hard -mthumb -o "Src/sysmem.o"
arm-none-eabi-gcc "../Src/systick.c" -mcpu=cortex-m4 -std=gnu11 -g3 -DDEBUG -DSTM32 -DSTM32F4 -DSTM32F411RETx -DSTM32F411xE -c -I../Inc -I"C:/Learning/Embedded/Chip_Headers_Stm32f411/CMSIS/Include" -I"C:/Learning/Embedded/Chip_Headers_Stm32f411/CMSIS/Device/ST/STM32F4xx/Include" -O0 -ffunction-sections -fdata-sections -Wall -fstack-usage -fcyclomatic-complexity -MMD -MP -MF"Src/systick.d" -MT"Src/systick.o" --specs=nano.specs -mfpu=fpv4-sp-d16 -mfloat-abi=hard -mthumb -o "Src/systick.o"
arm-none-eabi-gcc "../Src/uart.c" -mcpu=cortex-m4 -std=gnu11 -g3 -DDEBUG -DSTM32 -DSTM32F4 -DSTM32F411RETx -DSTM32F411xE -c -I../Inc -I"C:/Learning/Embedded/Chip_Headers_Stm32f411/CMSIS/Include" -I"C:/Learning/Embedded/Chip_Headers_Stm32f411/CMSIS/Device/ST/STM32F4xx/Include" -O0 -ffunction-sections -fdata-sections -Wall -fstack-usage -fcyclomatic-complexity -MMD -MP -MF"Src/uart.d" -MT"Src/uart.o" --specs=nano.specs -mfpu=fpv4-sp-d16 -mfloat-abi=hard -mthumb -o "Src/uart.o"
arm-none-eabi-gcc -o "4__SysTick_driver.elf" @"objects.list"   -mcpu=cortex-m4 -T"C:\Learning\Embedded\STM32_Bare_Metal\workspace_stm32f411\4__SysTick_driver\STM32F411RETX_FLASH.ld" --specs=nosys.specs -Wl,-Map="4__SysTick_driver.map" -Wl,--gc-sections -static --specs=nano.specs -mfpu=fpv4-sp-d16 -mfloat-abi=hard -mthumb -Wl,--start-group -lc -lm -Wl,--end-group
Finished building target: 4__SysTick_driver.elf
 
arm-none-eabi-size  4__SysTick_driver.elf 
arm-none-eabi-objdump -h -S 4__SysTick_driver.elf  > "4__SysTick_driver.list"
   text	   data	    bss	    dec	    hex	filename
   5616	     92	   1908	   7616	   1dc0	4__SysTick_driver.elf
Finished building: default.size.stdout
 
Finished building: 4__SysTick_driver.list
 
