15:55:44 **** Incremental Build of configuration Debug for project 2_gpio_output ****
make -j20 all 
arm-none-eabi-gcc "../Src/main.c" -mcpu=cortex-m0plus -std=gnu11 -g3 -DDEBUG -DSTM32 -DSTM32C0 -DSTM32C031C6Tx -DSTM32C031xx -c -I../Inc -I"C:/Learning/Embedded/Chip_Headers/CMSIS/Device/ST/STM32C0xx/Include" -I"C:/Learning/Embedded/Chip_Headers/CMSIS/Include" -O0 -ffunction-sections -fdata-sections -Wall -fstack-usage -fcyclomatic-complexity -MMD -MP -MF"Src/main.d" -MT"Src/main.o" --specs=nano.specs -mfloat-abi=soft -mthumb -o "Src/main.o"
arm-none-eabi-gcc -o "2_gpio_output.elf" @"objects.list"   -mcpu=cortex-m0plus -T"C:\Learning\Embedded\STM32_Bare_Metal\workspace_Wokwi\2_gpio_output\STM32C031C6TX_FLASH.ld" --specs=nosys.specs -Wl,-Map="2_gpio_output.map" -Wl,--gc-sections -static --specs=nano.specs -mfloat-abi=soft -mthumb -Wl,--start-group -lc -lm -Wl,--end-group
Finished building target: 2_gpio_output.elf
 
arm-none-eabi-size  2_gpio_output.elf 
arm-none-eabi-objdump -h -S 2_gpio_output.elf  > "2_gpio_output.list"
   text	   data	    bss	    dec	    hex	filename
    532	      0	   1568	   2100	    834	2_gpio_output.elf
Finished building: default.size.stdout
 
Finished building: 2_gpio_output.list
 

15:55:44 Build Finished. 0 errors, 0 warnings. (took 611ms)

